[browser] ⚠️ React Router Future Flag Warning: React Router will begin wrapping state updates in `React.startTransition` in v7. You can use the `v7_startTransition` future flag to opt-in early. For more information, see https://reactrouter.com/v6/upgrading/future#v7_starttransition.
[browser] ⚠️ React Router Future Flag Warning: Relative route resolution within Splat routes is changing in v7. You can use the `v7_relativeSplatPath` future flag to opt-in early. For more information, see https://reactrouter.com/v6/upgrading/future#v7_relativesplatpath.
[browser] ⚠️ React Router Future Flag Warning: React Router will begin wrapping state updates in `React.startTransition` in v7. You can use the `v7_startTransition` future flag to opt-in early. For more information, see https://reactrouter.com/v6/upgrading/future#v7_starttransition.
[browser] ⚠️ React Router Future Flag Warning: Relative route resolution within Splat routes is changing in v7. You can use the `v7_relativeSplatPath` future flag to opt-in early. For more information, see https://reactrouter.com/v6/upgrading/future#v7_relativesplatpath.
[browser] ⚠️ React Router Future Flag Warning: React Router will begin wrapping state updates in `React.startTransition` in v7. You can use the `v7_startTransition` future flag to opt-in early. For more information, see https://reactrouter.com/v6/upgrading/future#v7_starttransition.
[browser] ⚠️ React Router Future Flag Warning: Relative route resolution within Splat routes is changing in v7. You can use the `v7_relativeSplatPath` future flag to opt-in early. For more information, see https://reactrouter.com/v6/upgrading/future#v7_relativesplatpath.
[browser] ⚠️ React Router Future Flag Warning: React Router will begin wrapping state updates in `React.startTransition` in v7. You can use the `v7_startTransition` future flag to opt-in early. For more information, see https://reactrouter.com/v6/upgrading/future#v7_starttransition.
[browser] ⚠️ React Router Future Flag Warning: Relative route resolution within Splat routes is changing in v7. You can use the `v7_relativeSplatPath` future flag to opt-in early. For more information, see https://reactrouter.com/v6/upgrading/future#v7_relativesplatpath.
[browser] ⚠️ React Router Future Flag Warning: React Router will begin wrapping state updates in `React.startTransition` in v7. You can use the `v7_startTransition` future flag to opt-in early. For more information, see https://reactrouter.com/v6/upgrading/future#v7_starttransition.
[browser] ⚠️ React Router Future Flag Warning: Relative route resolution within Splat routes is changing in v7. You can use the `v7_relativeSplatPath` future flag to opt-in early. For more information, see https://reactrouter.com/v6/upgrading/future#v7_relativesplatpath.
⨯ ./src/legacy/features/orders-pool/index.js:36:1
Module not found: Can't resolve './commandActions'
  [90m34 |[0m } [36mfrom[0m [32m"./selectors"[0m;
  [90m35 |[0m
[31m[1m>[0m [90m36 |[0m [36mexport[0m {
  [90m   |[0m [31m[1m^^^^^^^[0m
[31m[1m>[0m [90m37 |[0m   applyOrdersSyncFromErpAndRefresh,
  [90m   |[0m [31m[1m^^^^^^^^^^^^^^^^^^^^^^^^^^^^^^^^^^^[0m
[31m[1m>[0m [90m38 |[0m   batchOrderCommandAndRefresh,
  [90m   |[0m [31m[1m^^^^^^^^^^^^^^^^^^^^^^^^^^^^^^[0m
[31m[1m>[0m [90m39 |[0m   createOrderCommandAndRefresh,
  [90m   |[0m [31m[1m^^^^^^^^^^^^^^^^^^^^^^^^^^^^^^^[0m
[31m[1m>[0m [90m40 |[0m   previewOrdersSyncFromErpAction,
  [90m   |[0m [31m[1m^^^^^^^^^^^^^^^^^^^^^^^^^^^^^^^^^[0m
[31m[1m>[0m [90m41 |[0m   saveExpectedStartAndRefresh,
  [90m   |[0m [31m[1m^^^^^^^^^^^^^^^^^^^^^^^^^^^^^^[0m
[31m[1m>[0m [90m42 |[0m } [36mfrom[0m [32m"./commandActions"[0m;
  [90m   |[0m [31m[1m^^^^^^^^^^^^^^^^^^^^^^^^^^[0m
  [90m43 |[0m



Import trace:
  Client Component Browser:
    ./src/legacy/features/orders-pool/index.js [Client Component Browser]
    ./src/legacy/features/orders-pool/page/useOrdersPoolPageController.js [Client Component Browser]
    ./src/legacy/pages/OrdersPoolPage.jsx [Client Component Browser]
    ./src/legacy/App.jsx [Client Component Browser]
    ./src/components/legacy-app-page.tsx [Client Component Browser]
    ./src/app/[[...slug]]/page.tsx [Client Component Browser]
    ./src/app/[[...slug]]/page.tsx [Server Component]

https://nextjs.org/docs/messages/module-not-found


⨯ ./src/legacy/features/orders-pool/index.js:36:1
Module not found: Can't resolve './commandActions'
  [90m34 |[0m } [36mfrom[0m [32m"./selectors"[0m;
  [90m35 |[0m
[31m[1m>[0m [90m36 |[0m [36mexport[0m {
  [90m   |[0m [31m[1m^^^^^^^[0m
[31m[1m>[0m [90m37 |[0m   applyOrdersSyncFromErpAndRefresh,
  [90m   |[0m [31m[1m^^^^^^^^^^^^^^^^^^^^^^^^^^^^^^^^^^^[0m
[31m[1m>[0m [90m38 |[0m   batchOrderCommandAndRefresh,
  [90m   |[0m [31m[1m^^^^^^^^^^^^^^^^^^^^^^^^^^^^^^[0m
[31m[1m>[0m [90m39 |[0m   createOrderCommandAndRefresh,
  [90m   |[0m [31m[1m^^^^^^^^^^^^^^^^^^^^^^^^^^^^^^^[0m
[31m[1m>[0m [90m40 |[0m   previewOrdersSyncFromErpAction,
  [90m   |[0m [31m[1m^^^^^^^^^^^^^^^^^^^^^^^^^^^^^^^^^[0m
[31m[1m>[0m [90m41 |[0m   saveExpectedStartAndRefresh,
  [90m   |[0m [31m[1m^^^^^^^^^^^^^^^^^^^^^^^^^^^^^^[0m
[31m[1m>[0m [90m42 |[0m } [36mfrom[0m [32m"./commandActions"[0m;
  [90m   |[0m [31m[1m^^^^^^^^^^^^^^^^^^^^^^^^^^[0m
  [90m43 |[0m



Import trace:
  Client Component Browser:
    ./src/legacy/features/orders-pool/index.js [Client Component Browser]
    ./src/legacy/features/orders-pool/page/useOrdersPoolPageController.js [Client Component Browser]
    ./src/legacy/pages/OrdersPoolPage.jsx [Client Component Browser]
    ./src/legacy/App.jsx [Client Component Browser]
    ./src/components/legacy-app-page.tsx [Client Component Browser]
    ./src/app/[[...slug]]/page.tsx [Client Component Browser]
    ./src/app/[[...slug]]/page.tsx [Server Component]

https://nextjs.org/docs/messages/module-not-found


⨯ ./src/legacy/features/orders-pool/index.js:36:1
Module not found: Can't resolve './commandActions'
  [90m34 |[0m } [36mfrom[0m [32m"./selectors"[0m;
  [90m35 |[0m
[31m[1m>[0m [90m36 |[0m [36mexport[0m {
  [90m   |[0m [31m[1m^^^^^^^[0m
[31m[1m>[0m [90m37 |[0m   applyOrdersSyncFromErpAndRefresh,
  [90m   |[0m [31m[1m^^^^^^^^^^^^^^^^^^^^^^^^^^^^^^^^^^^[0m
[31m[1m>[0m [90m38 |[0m   batchOrderCommandAndRefresh,
  [90m   |[0m [31m[1m^^^^^^^^^^^^^^^^^^^^^^^^^^^^^^[0m
[31m[1m>[0m [90m39 |[0m   createOrderCommandAndRefresh,
  [90m   |[0m [31m[1m^^^^^^^^^^^^^^^^^^^^^^^^^^^^^^^[0m
[31m[1m>[0m [90m40 |[0m   previewOrdersSyncFromErpAction,
  [90m   |[0m [31m[1m^^^^^^^^^^^^^^^^^^^^^^^^^^^^^^^^^[0m
[31m[1m>[0m [90m41 |[0m   saveExpectedStartAndRefresh,
  [90m   |[0m [31m[1m^^^^^^^^^^^^^^^^^^^^^^^^^^^^^^[0m
[31m[1m>[0m [90m42 |[0m } [36mfrom[0m [32m"./commandActions"[0m;
  [90m   |[0m [31m[1m^^^^^^^^^^^^^^^^^^^^^^^^^^[0m
  [90m43 |[0m



Import trace:
  Client Component Browser:
    ./src/legacy/features/orders-pool/index.js [Client Component Browser]
    ./src/legacy/features/orders-pool/page/useOrdersPoolPageController.js [Client Component Browser]
    ./src/legacy/pages/OrdersPoolPage.jsx [Client Component Browser]
    ./src/legacy/App.jsx [Client Component Browser]
    ./src/components/legacy-app-page.tsx [Client Component Browser]
    ./src/app/[[...slug]]/page.tsx [Client Component Browser]
    ./src/app/[[...slug]]/page.tsx [Server Component]

https://nextjs.org/docs/messages/module-not-found


⨯ ./src/legacy/features/orders-pool/index.js:36:1
Module not found: Can't resolve './commandActions'
  [90m34 |[0m } [36mfrom[0m [32m"./selectors"[0m;
  [90m35 |[0m
[31m[1m>[0m [90m36 |[0m [36mexport[0m {
  [90m   |[0m [31m[1m^^^^^^^[0m
[31m[1m>[0m [90m37 |[0m   applyOrdersSyncFromErpAndRefresh,
  [90m   |[0m [31m[1m^^^^^^^^^^^^^^^^^^^^^^^^^^^^^^^^^^^[0m
[31m[1m>[0m [90m38 |[0m   batchOrderCommandAndRefresh,
  [90m   |[0m [31m[1m^^^^^^^^^^^^^^^^^^^^^^^^^^^^^^[0m
[31m[1m>[0m [90m39 |[0m   createOrderCommandAndRefresh,
  [90m   |[0m [31m[1m^^^^^^^^^^^^^^^^^^^^^^^^^^^^^^^[0m
[31m[1m>[0m [90m40 |[0m   previewOrdersSyncFromErpAction,
  [90m   |[0m [31m[1m^^^^^^^^^^^^^^^^^^^^^^^^^^^^^^^^^[0m
[31m[1m>[0m [90m41 |[0m   saveExpectedStartAndRefresh,
  [90m   |[0m [31m[1m^^^^^^^^^^^^^^^^^^^^^^^^^^^^^^[0m
[31m[1m>[0m [90m42 |[0m } [36mfrom[0m [32m"./commandActions"[0m;
  [90m   |[0m [31m[1m^^^^^^^^^^^^^^^^^^^^^^^^^^[0m
  [90m43 |[0m



Import trace:
  Client Component Browser:
    ./src/legacy/features/orders-pool/index.js [Client Component Browser]
    ./src/legacy/features/orders-pool/page/useOrdersPoolPageController.js [Client Component Browser]
    ./src/legacy/pages/OrdersPoolPage.jsx [Client Component Browser]
    ./src/legacy/App.jsx [Client Component Browser]
    ./src/components/legacy-app-page.tsx [Client Component Browser]
    ./src/app/[[...slug]]/page.tsx [Client Component Browser]
    ./src/app/[[...slug]]/page.tsx [Server Component]

https://nextjs.org/docs/messages/module-not-found


⨯ ./src/legacy/features/orders-pool/index.js:36:1
Module not found: Can't resolve './commandActions'
  [90m34 |[0m } [36mfrom[0m [32m"./selectors"[0m;
  [90m35 |[0m
[31m[1m>[0m [90m36 |[0m [36mexport[0m {
  [90m   |[0m [31m[1m^^^^^^^[0m
[31m[1m>[0m [90m37 |[0m   applyOrdersSyncFromErpAndRefresh,
  [90m   |[0m [31m[1m^^^^^^^^^^^^^^^^^^^^^^^^^^^^^^^^^^^[0m
[31m[1m>[0m [90m38 |[0m   batchOrderCommandAndRefresh,
  [90m   |[0m [31m[1m^^^^^^^^^^^^^^^^^^^^^^^^^^^^^^[0m
[31m[1m>[0m [90m39 |[0m   createOrderCommandAndRefresh,
  [90m   |[0m [31m[1m^^^^^^^^^^^^^^^^^^^^^^^^^^^^^^^[0m
[31m[1m>[0m [90m40 |[0m   previewOrdersSyncFromErpAction,
  [90m   |[0m [31m[1m^^^^^^^^^^^^^^^^^^^^^^^^^^^^^^^^^[0m
[31m[1m>[0m [90m41 |[0m   saveExpectedStartAndRefresh,
  [90m   |[0m [31m[1m^^^^^^^^^^^^^^^^^^^^^^^^^^^^^^[0m
[31m[1m>[0m [90m42 |[0m } [36mfrom[0m [32m"./commandActions"[0m;
  [90m   |[0m [31m[1m^^^^^^^^^^^^^^^^^^^^^^^^^^[0m
  [90m43 |[0m



Import trace:
  Client Component Browser:
    ./src/legacy/features/orders-pool/index.js [Client Component Browser]
    ./src/legacy/features/orders-pool/page/useOrdersPoolPageController.js [Client Component Browser]
    ./src/legacy/pages/OrdersPoolPage.jsx [Client Component Browser]
    ./src/legacy/App.jsx [Client Component Browser]
    ./src/components/legacy-app-page.tsx [Client Component Browser]
    ./src/app/[[...slug]]/page.tsx [Client Component Browser]
    ./src/app/[[...slug]]/page.tsx [Server Component]

https://nextjs.org/docs/messages/module-not-found


⨯ ./src/legacy/features/orders-pool/index.js:36:1
Module not found: Can't resolve './commandActions'
  [90m34 |[0m } [36mfrom[0m [32m"./selectors"[0m;
  [90m35 |[0m
[31m[1m>[0m [90m36 |[0m [36mexport[0m {
  [90m   |[0m [31m[1m^^^^^^^[0m
[31m[1m>[0m [90m37 |[0m   applyOrdersSyncFromErpAndRefresh,
  [90m   |[0m [31m[1m^^^^^^^^^^^^^^^^^^^^^^^^^^^^^^^^^^^[0m
[31m[1m>[0m [90m38 |[0m   batchOrderCommandAndRefresh,
  [90m   |[0m [31m[1m^^^^^^^^^^^^^^^^^^^^^^^^^^^^^^[0m
[31m[1m>[0m [90m39 |[0m   createOrderCommandAndRefresh,
  [90m   |[0m [31m[1m^^^^^^^^^^^^^^^^^^^^^^^^^^^^^^^[0m
[31m[1m>[0m [90m40 |[0m   previewOrdersSyncFromErpAction,
  [90m   |[0m [31m[1m^^^^^^^^^^^^^^^^^^^^^^^^^^^^^^^^^[0m
[31m[1m>[0m [90m41 |[0m   saveExpectedStartAndRefresh,
  [90m   |[0m [31m[1m^^^^^^^^^^^^^^^^^^^^^^^^^^^^^^[0m
[31m[1m>[0m [90m42 |[0m } [36mfrom[0m [32m"./commandActions"[0m;
  [90m   |[0m [31m[1m^^^^^^^^^^^^^^^^^^^^^^^^^^[0m
  [90m43 |[0m



Import trace:
  Client Component Browser:
    ./src/legacy/features/orders-pool/index.js [Client Component Browser]
    ./src/legacy/features/orders-pool/page/useOrdersPoolPageController.js [Client Component Browser]
    ./src/legacy/pages/OrdersPoolPage.jsx [Client Component Browser]
    ./src/legacy/App.jsx [Client Component Browser]
    ./src/components/legacy-app-page.tsx [Client Component Browser]
    ./src/app/[[...slug]]/page.tsx [Client Component Browser]
    ./src/app/[[...slug]]/page.tsx [Server Component]

https://nextjs.org/docs/messages/module-not-found


⨯ ./src/legacy/features/orders-pool/index.js:36:1
Module not found: Can't resolve './commandActions'
  [90m34 |[0m } [36mfrom[0m [32m"./selectors"[0m;
  [90m35 |[0m
[31m[1m>[0m [90m36 |[0m [36mexport[0m {
  [90m   |[0m [31m[1m^^^^^^^[0m
[31m[1m>[0m [90m37 |[0m   applyOrdersSyncFromErpAndRefresh,
  [90m   |[0m [31m[1m^^^^^^^^^^^^^^^^^^^^^^^^^^^^^^^^^^^[0m
[31m[1m>[0m [90m38 |[0m   batchOrderCommandAndRefresh,
  [90m   |[0m [31m[1m^^^^^^^^^^^^^^^^^^^^^^^^^^^^^^[0m
[31m[1m>[0m [90m39 |[0m   createOrderCommandAndRefresh,
  [90m   |[0m [31m[1m^^^^^^^^^^^^^^^^^^^^^^^^^^^^^^^[0m
[31m[1m>[0m [90m40 |[0m   previewOrdersSyncFromErpAction,
  [90m   |[0m [31m[1m^^^^^^^^^^^^^^^^^^^^^^^^^^^^^^^^^[0m
[31m[1m>[0m [90m41 |[0m   saveExpectedStartAndRefresh,
  [90m   |[0m [31m[1m^^^^^^^^^^^^^^^^^^^^^^^^^^^^^^[0m
[31m[1m>[0m [90m42 |[0m } [36mfrom[0m [32m"./commandActions"[0m;
  [90m   |[0m [31m[1m^^^^^^^^^^^^^^^^^^^^^^^^^^[0m
  [90m43 |[0m



Import trace:
  Client Component Browser:
    ./src/legacy/features/orders-pool/index.js [Client Component Browser]
    ./src/legacy/features/orders-pool/page/useOrdersPoolPageController.js [Client Component Browser]
    ./src/legacy/pages/OrdersPoolPage.jsx [Client Component Browser]
    ./src/legacy/App.jsx [Client Component Browser]
    ./src/components/legacy-app-page.tsx [Client Component Browser]
    ./src/app/[[...slug]]/page.tsx [Client Component Browser]
    ./src/app/[[...slug]]/page.tsx [Server Component]

https://nextjs.org/docs/messages/module-not-found


⨯ ./src/legacy/features/orders-pool/index.js:36:1
Module not found: Can't resolve './commandActions'
  [90m34 |[0m } [36mfrom[0m [32m"./selectors"[0m;
  [90m35 |[0m
[31m[1m>[0m [90m36 |[0m [36mexport[0m {
  [90m   |[0m [31m[1m^^^^^^^[0m
[31m[1m>[0m [90m37 |[0m   applyOrdersSyncFromErpAndRefresh,
  [90m   |[0m [31m[1m^^^^^^^^^^^^^^^^^^^^^^^^^^^^^^^^^^^[0m
[31m[1m>[0m [90m38 |[0m   batchOrderCommandAndRefresh,
  [90m   |[0m [31m[1m^^^^^^^^^^^^^^^^^^^^^^^^^^^^^^[0m
[31m[1m>[0m [90m39 |[0m   createOrderCommandAndRefresh,
  [90m   |[0m [31m[1m^^^^^^^^^^^^^^^^^^^^^^^^^^^^^^^[0m
[31m[1m>[0m [90m40 |[0m   previewOrdersSyncFromErpAction,
  [90m   |[0m [31m[1m^^^^^^^^^^^^^^^^^^^^^^^^^^^^^^^^^[0m
[31m[1m>[0m [90m41 |[0m   saveExpectedStartAndRefresh,
  [90m   |[0m [31m[1m^^^^^^^^^^^^^^^^^^^^^^^^^^^^^^[0m
[31m[1m>[0m [90m42 |[0m } [36mfrom[0m [32m"./commandActions"[0m;
  [90m   |[0m [31m[1m^^^^^^^^^^^^^^^^^^^^^^^^^^[0m
  [90m43 |[0m



Import trace:
  Client Component Browser:
    ./src/legacy/features/orders-pool/index.js [Client Component Browser]
    ./src/legacy/features/orders-pool/page/useOrdersPoolPageController.js [Client Component Browser]
    ./src/legacy/pages/OrdersPoolPage.jsx [Client Component Browser]
    ./src/legacy/App.jsx [Client Component Browser]
    ./src/components/legacy-app-page.tsx [Client Component Browser]
    ./src/app/[[...slug]]/page.tsx [Client Component Browser]
    ./src/app/[[...slug]]/page.tsx [Server Component]

https://nextjs.org/docs/messages/module-not-found


⨯ ./src/legacy/features/orders-pool/index.js:36:1
Module not found: Can't resolve './commandActions'
  [90m34 |[0m } [36mfrom[0m [32m"./selectors"[0m;
  [90m35 |[0m
[31m[1m>[0m [90m36 |[0m [36mexport[0m {
  [90m   |[0m [31m[1m^^^^^^^[0m
[31m[1m>[0m [90m37 |[0m   applyOrdersSyncFromErpAndRefresh,
  [90m   |[0m [31m[1m^^^^^^^^^^^^^^^^^^^^^^^^^^^^^^^^^^^[0m
[31m[1m>[0m [90m38 |[0m   batchOrderCommandAndRefresh,
  [90m   |[0m [31m[1m^^^^^^^^^^^^^^^^^^^^^^^^^^^^^^[0m
[31m[1m>[0m [90m39 |[0m   createOrderCommandAndRefresh,
  [90m   |[0m [31m[1m^^^^^^^^^^^^^^^^^^^^^^^^^^^^^^^[0m
[31m[1m>[0m [90m40 |[0m   previewOrdersSyncFromErpAction,
  [90m   |[0m [31m[1m^^^^^^^^^^^^^^^^^^^^^^^^^^^^^^^^^[0m
[31m[1m>[0m [90m41 |[0m   saveExpectedStartAndRefresh,
  [90m   |[0m [31m[1m^^^^^^^^^^^^^^^^^^^^^^^^^^^^^^[0m
[31m[1m>[0m [90m42 |[0m } [36mfrom[0m [32m"./commandActions"[0m;
  [90m   |[0m [31m[1m^^^^^^^^^^^^^^^^^^^^^^^^^^[0m
  [90m43 |[0m



Import trace:
  Client Component Browser:
    ./src/legacy/features/orders-pool/index.js [Client Component Browser]
    ./src/legacy/features/orders-pool/page/useOrdersPoolPageController.js [Client Component Browser]
    ./src/legacy/pages/OrdersPoolPage.jsx [Client Component Browser]
    ./src/legacy/App.jsx [Client Component Browser]
    ./src/components/legacy-app-page.tsx [Client Component Browser]
    ./src/app/[[...slug]]/page.tsx [Client Component Browser]
    ./src/app/[[...slug]]/page.tsx [Server Component]

https://nextjs.org/docs/messages/module-not-found


⨯ ./src/legacy/features/orders-pool/index.js:36:1
Module not found: Can't resolve './commandActions'
  [90m34 |[0m } [36mfrom[0m [32m"./selectors"[0m;
  [90m35 |[0m
[31m[1m>[0m [90m36 |[0m [36mexport[0m {
  [90m   |[0m [31m[1m^^^^^^^[0m
[31m[1m>[0m [90m37 |[0m   applyOrdersSyncFromErpAndRefresh,
  [90m   |[0m [31m[1m^^^^^^^^^^^^^^^^^^^^^^^^^^^^^^^^^^^[0m
[31m[1m>[0m [90m38 |[0m   batchOrderCommandAndRefresh,
  [90m   |[0m [31m[1m^^^^^^^^^^^^^^^^^^^^^^^^^^^^^^[0m
[31m[1m>[0m [90m39 |[0m   createOrderCommandAndRefresh,
  [90m   |[0m [31m[1m^^^^^^^^^^^^^^^^^^^^^^^^^^^^^^^[0m
[31m[1m>[0m [90m40 |[0m   previewOrdersSyncFromErpAction,
  [90m   |[0m [31m[1m^^^^^^^^^^^^^^^^^^^^^^^^^^^^^^^^^[0m
[31m[1m>[0m [90m41 |[0m   saveExpectedStartAndRefresh,
  [90m   |[0m [31m[1m^^^^^^^^^^^^^^^^^^^^^^^^^^^^^^[0m
[31m[1m>[0m [90m42 |[0m } [36mfrom[0m [32m"./commandActions"[0m;
  [90m   |[0m [31m[1m^^^^^^^^^^^^^^^^^^^^^^^^^^[0m
  [90m43 |[0m



Import trace:
  Client Component Browser:
    ./src/legacy/features/orders-pool/index.js [Client Component Browser]
    ./src/legacy/features/orders-pool/page/useOrdersPoolPageController.js [Client Component Browser]
    ./src/legacy/pages/OrdersPoolPage.jsx [Client Component Browser]
    ./src/legacy/App.jsx [Client Component Browser]
    ./src/components/legacy-app-page.tsx [Client Component Browser]
    ./src/app/[[...slug]]/page.tsx [Client Component Browser]
    ./src/app/[[...slug]]/page.tsx [Server Component]

https://nextjs.org/docs/messages/module-not-found


⨯ ./src/legacy/features/orders-pool/index.js:36:1
Module not found: Can't resolve './commandActions'
  [90m34 |[0m } [36mfrom[0m [32m"./selectors"[0m;
  [90m35 |[0m
[31m[1m>[0m [90m36 |[0m [36mexport[0m {
  [90m   |[0m [31m[1m^^^^^^^[0m
[31m[1m>[0m [90m37 |[0m   applyOrdersSyncFromErpAndRefresh,
  [90m   |[0m [31m[1m^^^^^^^^^^^^^^^^^^^^^^^^^^^^^^^^^^^[0m
[31m[1m>[0m [90m38 |[0m   batchOrderCommandAndRefresh,
  [90m   |[0m [31m[1m^^^^^^^^^^^^^^^^^^^^^^^^^^^^^^[0m
[31m[1m>[0m [90m39 |[0m   createOrderCommandAndRefresh,
  [90m   |[0m [31m[1m^^^^^^^^^^^^^^^^^^^^^^^^^^^^^^^[0m
[31m[1m>[0m [90m40 |[0m   previewOrdersSyncFromErpAction,
  [90m   |[0m [31m[1m^^^^^^^^^^^^^^^^^^^^^^^^^^^^^^^^^[0m
[31m[1m>[0m [90m41 |[0m   saveExpectedStartAndRefresh,
  [90m   |[0m [31m[1m^^^^^^^^^^^^^^^^^^^^^^^^^^^^^^[0m
[31m[1m>[0m [90m42 |[0m } [36mfrom[0m [32m"./commandActions"[0m;
  [90m   |[0m [31m[1m^^^^^^^^^^^^^^^^^^^^^^^^^^[0m
  [90m43 |[0m



Import trace:
  Client Component Browser:
    ./src/legacy/features/orders-pool/index.js [Client Component Browser]
    ./src/legacy/features/orders-pool/page/useOrdersPoolPageController.js [Client Component Browser]
    ./src/legacy/pages/OrdersPoolPage.jsx [Client Component Browser]
    ./src/legacy/App.jsx [Client Component Browser]
    ./src/components/legacy-app-page.tsx [Client Component Browser]
    ./src/app/[[...slug]]/page.tsx [Client Component Browser]
    ./src/app/[[...slug]]/page.tsx [Server Component]

https://nextjs.org/docs/messages/module-not-found


⨯ ./src/legacy/features/orders-pool/index.js:36:1
Module not found: Can't resolve './commandActions'
  [90m34 |[0m } [36mfrom[0m [32m"./selectors"[0m;
  [90m35 |[0m
[31m[1m>[0m [90m36 |[0m [36mexport[0m {
  [90m   |[0m [31m[1m^^^^^^^[0m
[31m[1m>[0m [90m37 |[0m   applyOrdersSyncFromErpAndRefresh,
  [90m   |[0m [31m[1m^^^^^^^^^^^^^^^^^^^^^^^^^^^^^^^^^^^[0m
[31m[1m>[0m [90m38 |[0m   batchOrderCommandAndRefresh,
  [90m   |[0m [31m[1m^^^^^^^^^^^^^^^^^^^^^^^^^^^^^^[0m
[31m[1m>[0m [90m39 |[0m   createOrderCommandAndRefresh,
  [90m   |[0m [31m[1m^^^^^^^^^^^^^^^^^^^^^^^^^^^^^^^[0m
[31m[1m>[0m [90m40 |[0m   previewOrdersSyncFromErpAction,
  [90m   |[0m [31m[1m^^^^^^^^^^^^^^^^^^^^^^^^^^^^^^^^^[0m
[31m[1m>[0m [90m41 |[0m   saveExpectedStartAndRefresh,
  [90m   |[0m [31m[1m^^^^^^^^^^^^^^^^^^^^^^^^^^^^^^[0m
[31m[1m>[0m [90m42 |[0m } [36mfrom[0m [32m"./commandActions"[0m;
  [90m   |[0m [31m[1m^^^^^^^^^^^^^^^^^^^^^^^^^^[0m
  [90m43 |[0m



Import trace:
  Client Component Browser:
    ./src/legacy/features/orders-pool/index.js [Client Component Browser]
    ./src/legacy/features/orders-pool/page/useOrdersPoolPageController.js [Client Component Browser]
    ./src/legacy/pages/OrdersPoolPage.jsx [Client Component Browser]
    ./src/legacy/App.jsx [Client Component Browser]
    ./src/components/legacy-app-page.tsx [Client Component Browser]
    ./src/app/[[...slug]]/page.tsx [Client Component Browser]
    ./src/app/[[...slug]]/page.tsx [Server Component]

https://nextjs.org/docs/messages/module-not-found


⨯ ./src/legacy/features/orders-pool/index.js:36:1
Module not found: Can't resolve './commandActions'
  [90m34 |[0m } [36mfrom[0m [32m"./selectors"[0m;
  [90m35 |[0m
[31m[1m>[0m [90m36 |[0m [36mexport[0m {
  [90m   |[0m [31m[1m^^^^^^^[0m
[31m[1m>[0m [90m37 |[0m   applyOrdersSyncFromErpAndRefresh,
  [90m   |[0m [31m[1m^^^^^^^^^^^^^^^^^^^^^^^^^^^^^^^^^^^[0m
[31m[1m>[0m [90m38 |[0m   batchOrderCommandAndRefresh,
  [90m   |[0m [31m[1m^^^^^^^^^^^^^^^^^^^^^^^^^^^^^^[0m
[31m[1m>[0m [90m39 |[0m   createOrderCommandAndRefresh,
  [90m   |[0m [31m[1m^^^^^^^^^^^^^^^^^^^^^^^^^^^^^^^[0m
[31m[1m>[0m [90m40 |[0m   previewOrdersSyncFromErpAction,
  [90m   |[0m [31m[1m^^^^^^^^^^^^^^^^^^^^^^^^^^^^^^^^^[0m
[31m[1m>[0m [90m41 |[0m   saveExpectedStartAndRefresh,
  [90m   |[0m [31m[1m^^^^^^^^^^^^^^^^^^^^^^^^^^^^^^[0m
[31m[1m>[0m [90m42 |[0m } [36mfrom[0m [32m"./commandActions"[0m;
  [90m   |[0m [31m[1m^^^^^^^^^^^^^^^^^^^^^^^^^^[0m
  [90m43 |[0m



Import trace:
  Client Component Browser:
    ./src/legacy/features/orders-pool/index.js [Client Component Browser]
    ./src/legacy/features/orders-pool/page/useOrdersPoolPageController.js [Client Component Browser]
    ./src/legacy/pages/OrdersPoolPage.jsx [Client Component Browser]
    ./src/legacy/App.jsx [Client Component Browser]
    ./src/components/legacy-app-page.tsx [Client Component Browser]
    ./src/app/[[...slug]]/page.tsx [Client Component Browser]
    ./src/app/[[...slug]]/page.tsx [Server Component]

https://nextjs.org/docs/messages/module-not-found


⨯ ./src/legacy/features/orders-pool/index.js:36:1
Module not found: Can't resolve './commandActions'
  [90m34 |[0m } [36mfrom[0m [32m"./selectors"[0m;
  [90m35 |[0m
[31m[1m>[0m [90m36 |[0m [36mexport[0m {
  [90m   |[0m [31m[1m^^^^^^^[0m
[31m[1m>[0m [90m37 |[0m   applyOrdersSyncFromErpAndRefresh,
  [90m   |[0m [31m[1m^^^^^^^^^^^^^^^^^^^^^^^^^^^^^^^^^^^[0m
[31m[1m>[0m [90m38 |[0m   batchOrderCommandAndRefresh,
  [90m   |[0m [31m[1m^^^^^^^^^^^^^^^^^^^^^^^^^^^^^^[0m
[31m[1m>[0m [90m39 |[0m   createOrderCommandAndRefresh,
  [90m   |[0m [31m[1m^^^^^^^^^^^^^^^^^^^^^^^^^^^^^^^[0m
[31m[1m>[0m [90m40 |[0m   previewOrdersSyncFromErpAction,
  [90m   |[0m [31m[1m^^^^^^^^^^^^^^^^^^^^^^^^^^^^^^^^^[0m
[31m[1m>[0m [90m41 |[0m   saveExpectedStartAndRefresh,
  [90m   |[0m [31m[1m^^^^^^^^^^^^^^^^^^^^^^^^^^^^^^[0m
[31m[1m>[0m [90m42 |[0m } [36mfrom[0m [32m"./commandActions"[0m;
  [90m   |[0m [31m[1m^^^^^^^^^^^^^^^^^^^^^^^^^^[0m
  [90m43 |[0m



Import trace:
  Client Component Browser:
    ./src/legacy/features/orders-pool/index.js [Client Component Browser]
    ./src/legacy/features/orders-pool/page/useOrdersPoolPageController.js [Client Component Browser]
    ./src/legacy/pages/OrdersPoolPage.jsx [Client Component Browser]
    ./src/legacy/App.jsx [Client Component Browser]
    ./src/components/legacy-app-page.tsx [Client Component Browser]
    ./src/app/[[...slug]]/page.tsx [Client Component Browser]
    ./src/app/[[...slug]]/page.tsx [Server Component]

https://nextjs.org/docs/messages/module-not-found


⨯ ./src/legacy/features/orders-pool/index.js:36:1
Module not found: Can't resolve './commandActions'
  [90m34 |[0m } [36mfrom[0m [32m"./selectors"[0m;
  [90m35 |[0m
[31m[1m>[0m [90m36 |[0m [36mexport[0m {
  [90m   |[0m [31m[1m^^^^^^^[0m
[31m[1m>[0m [90m37 |[0m   applyOrdersSyncFromErpAndRefresh,
  [90m   |[0m [31m[1m^^^^^^^^^^^^^^^^^^^^^^^^^^^^^^^^^^^[0m
[31m[1m>[0m [90m38 |[0m   batchOrderCommandAndRefresh,
  [90m   |[0m [31m[1m^^^^^^^^^^^^^^^^^^^^^^^^^^^^^^[0m
[31m[1m>[0m [90m39 |[0m   createOrderCommandAndRefresh,
  [90m   |[0m [31m[1m^^^^^^^^^^^^^^^^^^^^^^^^^^^^^^^[0m
[31m[1m>[0m [90m40 |[0m   previewOrdersSyncFromErpAction,
  [90m   |[0m [31m[1m^^^^^^^^^^^^^^^^^^^^^^^^^^^^^^^^^[0m
[31m[1m>[0m [90m41 |[0m   saveExpectedStartAndRefresh,
  [90m   |[0m [31m[1m^^^^^^^^^^^^^^^^^^^^^^^^^^^^^^[0m
[31m[1m>[0m [90m42 |[0m } [36mfrom[0m [32m"./commandActions"[0m;
  [90m   |[0m [31m[1m^^^^^^^^^^^^^^^^^^^^^^^^^^[0m
  [90m43 |[0m



Import trace:
  Client Component Browser:
    ./src/legacy/features/orders-pool/index.js [Client Component Browser]
    ./src/legacy/features/orders-pool/page/useOrdersPoolPageController.js [Client Component Browser]
    ./src/legacy/pages/OrdersPoolPage.jsx [Client Component Browser]
    ./src/legacy/App.jsx [Client Component Browser]
    ./src/components/legacy-app-page.tsx [Client Component Browser]
    ./src/app/[[...slug]]/page.tsx [Client Component Browser]
    ./src/app/[[...slug]]/page.tsx [Server Component]

https://nextjs.org/docs/messages/module-not-found


⨯ ./src/legacy/features/orders-pool/index.js:36:1
Module not found: Can't resolve './commandActions'
  [90m34 |[0m } [36mfrom[0m [32m"./selectors"[0m;
  [90m35 |[0m
[31m[1m>[0m [90m36 |[0m [36mexport[0m {
  [90m   |[0m [31m[1m^^^^^^^[0m
[31m[1m>[0m [90m37 |[0m   applyOrdersSyncFromErpAndRefresh,
  [90m   |[0m [31m[1m^^^^^^^^^^^^^^^^^^^^^^^^^^^^^^^^^^^[0m
[31m[1m>[0m [90m38 |[0m   batchOrderCommandAndRefresh,
  [90m   |[0m [31m[1m^^^^^^^^^^^^^^^^^^^^^^^^^^^^^^[0m
[31m[1m>[0m [90m39 |[0m   createOrderCommandAndRefresh,
  [90m   |[0m [31m[1m^^^^^^^^^^^^^^^^^^^^^^^^^^^^^^^[0m
[31m[1m>[0m [90m40 |[0m   previewOrdersSyncFromErpAction,
  [90m   |[0m [31m[1m^^^^^^^^^^^^^^^^^^^^^^^^^^^^^^^^^[0m
[31m[1m>[0m [90m41 |[0m   saveExpectedStartAndRefresh,
  [90m   |[0m [31m[1m^^^^^^^^^^^^^^^^^^^^^^^^^^^^^^[0m
[31m[1m>[0m [90m42 |[0m } [36mfrom[0m [32m"./commandActions"[0m;
  [90m   |[0m [31m[1m^^^^^^^^^^^^^^^^^^^^^^^^^^[0m
  [90m43 |[0m



Import trace:
  Client Component Browser:
    ./src/legacy/features/orders-pool/index.js [Client Component Browser]
    ./src/legacy/features/orders-pool/page/useOrdersPoolPageController.js [Client Component Browser]
    ./src/legacy/pages/OrdersPoolPage.jsx [Client Component Browser]
    ./src/legacy/App.jsx [Client Component Browser]
    ./src/components/legacy-app-page.tsx [Client Component Browser]
    ./src/app/[[...slug]]/page.tsx [Client Component Browser]
    ./src/app/[[...slug]]/page.tsx [Server Component]

https://nextjs.org/docs/messages/module-not-found


⨯ ./src/legacy/features/orders-pool/index.js:36:1
Module not found: Can't resolve './commandActions'
  [90m34 |[0m } [36mfrom[0m [32m"./selectors"[0m;
  [90m35 |[0m
[31m[1m>[0m [90m36 |[0m [36mexport[0m {
  [90m   |[0m [31m[1m^^^^^^^[0m
[31m[1m>[0m [90m37 |[0m   applyOrdersSyncFromErpAndRefresh,
  [90m   |[0m [31m[1m^^^^^^^^^^^^^^^^^^^^^^^^^^^^^^^^^^^[0m
[31m[1m>[0m [90m38 |[0m   batchOrderCommandAndRefresh,
  [90m   |[0m [31m[1m^^^^^^^^^^^^^^^^^^^^^^^^^^^^^^[0m
[31m[1m>[0m [90m39 |[0m   createOrderCommandAndRefresh,
  [90m   |[0m [31m[1m^^^^^^^^^^^^^^^^^^^^^^^^^^^^^^^[0m
[31m[1m>[0m [90m40 |[0m   previewOrdersSyncFromErpAction,
  [90m   |[0m [31m[1m^^^^^^^^^^^^^^^^^^^^^^^^^^^^^^^^^[0m
[31m[1m>[0m [90m41 |[0m   saveExpectedStartAndRefresh,
  [90m   |[0m [31m[1m^^^^^^^^^^^^^^^^^^^^^^^^^^^^^^[0m
[31m[1m>[0m [90m42 |[0m } [36mfrom[0m [32m"./commandActions"[0m;
  [90m   |[0m [31m[1m^^^^^^^^^^^^^^^^^^^^^^^^^^[0m
  [90m43 |[0m



Import trace:
  Client Component Browser:
    ./src/legacy/features/orders-pool/index.js [Client Component Browser]
    ./src/legacy/features/orders-pool/page/useOrdersPoolPageController.js [Client Component Browser]
    ./src/legacy/pages/OrdersPoolPage.jsx [Client Component Browser]
    ./src/legacy/App.jsx [Client Component Browser]
    ./src/components/legacy-app-page.tsx [Client Component Browser]
    ./src/app/[[...slug]]/page.tsx [Client Component Browser]
    ./src/app/[[...slug]]/page.tsx [Server Component]

https://nextjs.org/docs/messages/module-not-found


⨯ ./src/legacy/features/orders-pool/index.js:36:1
Module not found: Can't resolve './commandActions'
  [90m34 |[0m } [36mfrom[0m [32m"./selectors"[0m;
  [90m35 |[0m
[31m[1m>[0m [90m36 |[0m [36mexport[0m {
  [90m   |[0m [31m[1m^^^^^^^[0m
[31m[1m>[0m [90m37 |[0m   applyOrdersSyncFromErpAndRefresh,
  [90m   |[0m [31m[1m^^^^^^^^^^^^^^^^^^^^^^^^^^^^^^^^^^^[0m
[31m[1m>[0m [90m38 |[0m   batchOrderCommandAndRefresh,
  [90m   |[0m [31m[1m^^^^^^^^^^^^^^^^^^^^^^^^^^^^^^[0m
[31m[1m>[0m [90m39 |[0m   createOrderCommandAndRefresh,
  [90m   |[0m [31m[1m^^^^^^^^^^^^^^^^^^^^^^^^^^^^^^^[0m
[31m[1m>[0m [90m40 |[0m   previewOrdersSyncFromErpAction,
  [90m   |[0m [31m[1m^^^^^^^^^^^^^^^^^^^^^^^^^^^^^^^^^[0m
[31m[1m>[0m [90m41 |[0m   saveExpectedStartAndRefresh,
  [90m   |[0m [31m[1m^^^^^^^^^^^^^^^^^^^^^^^^^^^^^^[0m
[31m[1m>[0m [90m42 |[0m } [36mfrom[0m [32m"./commandActions"[0m;
  [90m   |[0m [31m[1m^^^^^^^^^^^^^^^^^^^^^^^^^^[0m
  [90m43 |[0m



Import trace:
  Client Component Browser:
    ./src/legacy/features/orders-pool/index.js [Client Component Browser]
    ./src/legacy/features/orders-pool/page/useOrdersPoolPageController.js [Client Component Browser]
    ./src/legacy/pages/OrdersPoolPage.jsx [Client Component Browser]
    ./src/legacy/App.jsx [Client Component Browser]
    ./src/components/legacy-app-page.tsx [Client Component Browser]
    ./src/app/[[...slug]]/page.tsx [Client Component Browser]
    ./src/app/[[...slug]]/page.tsx [Server Component]

https://nextjs.org/docs/messages/module-not-found


⨯ ./src/legacy/features/orders-pool/index.js:36:1
Module not found: Can't resolve './commandActions'
  [90m34 |[0m } [36mfrom[0m [32m"./selectors"[0m;
  [90m35 |[0m
[31m[1m>[0m [90m36 |[0m [36mexport[0m {
  [90m   |[0m [31m[1m^^^^^^^[0m
[31m[1m>[0m [90m37 |[0m   applyOrdersSyncFromErpAndRefresh,
  [90m   |[0m [31m[1m^^^^^^^^^^^^^^^^^^^^^^^^^^^^^^^^^^^[0m
[31m[1m>[0m [90m38 |[0m   batchOrderCommandAndRefresh,
  [90m   |[0m [31m[1m^^^^^^^^^^^^^^^^^^^^^^^^^^^^^^[0m
[31m[1m>[0m [90m39 |[0m   createOrderCommandAndRefresh,
  [90m   |[0m [31m[1m^^^^^^^^^^^^^^^^^^^^^^^^^^^^^^^[0m
[31m[1m>[0m [90m40 |[0m   previewOrdersSyncFromErpAction,
  [90m   |[0m [31m[1m^^^^^^^^^^^^^^^^^^^^^^^^^^^^^^^^^[0m
[31m[1m>[0m [90m41 |[0m   saveExpectedStartAndRefresh,
  [90m   |[0m [31m[1m^^^^^^^^^^^^^^^^^^^^^^^^^^^^^^[0m
[31m[1m>[0m [90m42 |[0m } [36mfrom[0m [32m"./commandActions"[0m;
  [90m   |[0m [31m[1m^^^^^^^^^^^^^^^^^^^^^^^^^^[0m
  [90m43 |[0m



Import trace:
  Client Component Browser:
    ./src/legacy/features/orders-pool/index.js [Client Component Browser]
    ./src/legacy/features/orders-pool/page/useOrdersPoolPageController.js [Client Component Browser]
    ./src/legacy/pages/OrdersPoolPage.jsx [Client Component Browser]
    ./src/legacy/App.jsx [Client Component Browser]
    ./src/components/legacy-app-page.tsx [Client Component Browser]
    ./src/app/[[...slug]]/page.tsx [Client Component Browser]
    ./src/app/[[...slug]]/page.tsx [Server Component]

https://nextjs.org/docs/messages/module-not-found


⨯ ./src/legacy/features/orders-pool/index.js:36:1
Module not found: Can't resolve './commandActions'
  [90m34 |[0m } [36mfrom[0m [32m"./selectors"[0m;
  [90m35 |[0m
[31m[1m>[0m [90m36 |[0m [36mexport[0m {
  [90m   |[0m [31m[1m^^^^^^^[0m
[31m[1m>[0m [90m37 |[0m   applyOrdersSyncFromErpAndRefresh,
  [90m   |[0m [31m[1m^^^^^^^^^^^^^^^^^^^^^^^^^^^^^^^^^^^[0m
[31m[1m>[0m [90m38 |[0m   batchOrderCommandAndRefresh,
  [90m   |[0m [31m[1m^^^^^^^^^^^^^^^^^^^^^^^^^^^^^^[0m
[31m[1m>[0m [90m39 |[0m   createOrderCommandAndRefresh,
  [90m   |[0m [31m[1m^^^^^^^^^^^^^^^^^^^^^^^^^^^^^^^[0m
[31m[1m>[0m [90m40 |[0m   previewOrdersSyncFromErpAction,
  [90m   |[0m [31m[1m^^^^^^^^^^^^^^^^^^^^^^^^^^^^^^^^^[0m
[31m[1m>[0m [90m41 |[0m   saveExpectedStartAndRefresh,
  [90m   |[0m [31m[1m^^^^^^^^^^^^^^^^^^^^^^^^^^^^^^[0m
[31m[1m>[0m [90m42 |[0m } [36mfrom[0m [32m"./commandActions"[0m;
  [90m   |[0m [31m[1m^^^^^^^^^^^^^^^^^^^^^^^^^^[0m
  [90m43 |[0m



Import trace:
  Client Component Browser:
    ./src/legacy/features/orders-pool/index.js [Client Component Browser]
    ./src/legacy/features/orders-pool/page/useOrdersPoolPageController.js [Client Component Browser]
    ./src/legacy/pages/OrdersPoolPage.jsx [Client Component Browser]
    ./src/legacy/App.jsx [Client Component Browser]
    ./src/components/legacy-app-page.tsx [Client Component Browser]
    ./src/app/[[...slug]]/page.tsx [Client Component Browser]
    ./src/app/[[...slug]]/page.tsx [Server Component]

https://nextjs.org/docs/messages/module-not-found


⨯ ./src/legacy/features/orders-pool/index.js:36:1
Module not found: Can't resolve './commandActions'
  [90m34 |[0m } [36mfrom[0m [32m"./selectors"[0m;
  [90m35 |[0m
[31m[1m>[0m [90m36 |[0m [36mexport[0m {
  [90m   |[0m [31m[1m^^^^^^^[0m
[31m[1m>[0m [90m37 |[0m   applyOrdersSyncFromErpAndRefresh,
  [90m   |[0m [31m[1m^^^^^^^^^^^^^^^^^^^^^^^^^^^^^^^^^^^[0m
[31m[1m>[0m [90m38 |[0m   batchOrderCommandAndRefresh,
  [90m   |[0m [31m[1m^^^^^^^^^^^^^^^^^^^^^^^^^^^^^^[0m
[31m[1m>[0m [90m39 |[0m   createOrderCommandAndRefresh,
  [90m   |[0m [31m[1m^^^^^^^^^^^^^^^^^^^^^^^^^^^^^^^[0m
[31m[1m>[0m [90m40 |[0m   previewOrdersSyncFromErpAction,
  [90m   |[0m [31m[1m^^^^^^^^^^^^^^^^^^^^^^^^^^^^^^^^^[0m
[31m[1m>[0m [90m41 |[0m   saveExpectedStartAndRefresh,
  [90m   |[0m [31m[1m^^^^^^^^^^^^^^^^^^^^^^^^^^^^^^[0m
[31m[1m>[0m [90m42 |[0m } [36mfrom[0m [32m"./commandActions"[0m;
  [90m   |[0m [31m[1m^^^^^^^^^^^^^^^^^^^^^^^^^^[0m
  [90m43 |[0m



Import trace:
  Client Component Browser:
    ./src/legacy/features/orders-pool/index.js [Client Component Browser]
    ./src/legacy/features/orders-pool/page/useOrdersPoolPageController.js [Client Component Browser]
    ./src/legacy/pages/OrdersPoolPage.jsx [Client Component Browser]
    ./src/legacy/App.jsx [Client Component Browser]
    ./src/components/legacy-app-page.tsx [Client Component Browser]
    ./src/app/[[...slug]]/page.tsx [Client Component Browser]
    ./src/app/[[...slug]]/page.tsx [Server Component]

https://nextjs.org/docs/messages/module-not-found


⨯ ./src/legacy/features/orders-pool/index.js:36:1
Module not found: Can't resolve './commandActions'
  [90m34 |[0m } [36mfrom[0m [32m"./selectors"[0m;
  [90m35 |[0m
[31m[1m>[0m [90m36 |[0m [36mexport[0m {
  [90m   |[0m [31m[1m^^^^^^^[0m
[31m[1m>[0m [90m37 |[0m   applyOrdersSyncFromErpAndRefresh,
  [90m   |[0m [31m[1m^^^^^^^^^^^^^^^^^^^^^^^^^^^^^^^^^^^[0m
[31m[1m>[0m [90m38 |[0m   batchOrderCommandAndRefresh,
  [90m   |[0m [31m[1m^^^^^^^^^^^^^^^^^^^^^^^^^^^^^^[0m
[31m[1m>[0m [90m39 |[0m   createOrderCommandAndRefresh,
  [90m   |[0m [31m[1m^^^^^^^^^^^^^^^^^^^^^^^^^^^^^^^[0m
[31m[1m>[0m [90m40 |[0m   previewOrdersSyncFromErpAction,
  [90m   |[0m [31m[1m^^^^^^^^^^^^^^^^^^^^^^^^^^^^^^^^^[0m
[31m[1m>[0m [90m41 |[0m   saveExpectedStartAndRefresh,
  [90m   |[0m [31m[1m^^^^^^^^^^^^^^^^^^^^^^^^^^^^^^[0m
[31m[1m>[0m [90m42 |[0m } [36mfrom[0m [32m"./commandActions"[0m;
  [90m   |[0m [31m[1m^^^^^^^^^^^^^^^^^^^^^^^^^^[0m
  [90m43 |[0m



Import trace:
  Client Component Browser:
    ./src/legacy/features/orders-pool/index.js [Client Component Browser]
    ./src/legacy/features/orders-pool/page/useOrdersPoolPageController.js [Client Component Browser]
    ./src/legacy/pages/OrdersPoolPage.jsx [Client Component Browser]
    ./src/legacy/App.jsx [Client Component Browser]
    ./src/components/legacy-app-page.tsx [Client Component Browser]
    ./src/app/[[...slug]]/page.tsx [Client Component Browser]
    ./src/app/[[...slug]]/page.tsx [Server Component]

https://nextjs.org/docs/messages/module-not-found


⨯ ./src/legacy/features/orders-pool/index.js:36:1
Module not found: Can't resolve './commandActions'
  [90m34 |[0m } [36mfrom[0m [32m"./selectors"[0m;
  [90m35 |[0m
[31m[1m>[0m [90m36 |[0m [36mexport[0m {
  [90m   |[0m [31m[1m^^^^^^^[0m
[31m[1m>[0m [90m37 |[0m   applyOrdersSyncFromErpAndRefresh,
  [90m   |[0m [31m[1m^^^^^^^^^^^^^^^^^^^^^^^^^^^^^^^^^^^[0m
[31m[1m>[0m [90m38 |[0m   batchOrderCommandAndRefresh,
  [90m   |[0m [31m[1m^^^^^^^^^^^^^^^^^^^^^^^^^^^^^^[0m
[31m[1m>[0m [90m39 |[0m   createOrderCommandAndRefresh,
  [90m   |[0m [31m[1m^^^^^^^^^^^^^^^^^^^^^^^^^^^^^^^[0m
[31m[1m>[0m [90m40 |[0m   previewOrdersSyncFromErpAction,
  [90m   |[0m [31m[1m^^^^^^^^^^^^^^^^^^^^^^^^^^^^^^^^^[0m
[31m[1m>[0m [90m41 |[0m   saveExpectedStartAndRefresh,
  [90m   |[0m [31m[1m^^^^^^^^^^^^^^^^^^^^^^^^^^^^^^[0m
[31m[1m>[0m [90m42 |[0m } [36mfrom[0m [32m"./commandActions"[0m;
  [90m   |[0m [31m[1m^^^^^^^^^^^^^^^^^^^^^^^^^^[0m
  [90m43 |[0m



Import trace:
  Client Component Browser:
    ./src/legacy/features/orders-pool/index.js [Client Component Browser]
    ./src/legacy/features/orders-pool/page/useOrdersPoolPageController.js [Client Component Browser]
    ./src/legacy/pages/OrdersPoolPage.jsx [Client Component Browser]
    ./src/legacy/App.jsx [Client Component Browser]
    ./src/components/legacy-app-page.tsx [Client Component Browser]
    ./src/app/[[...slug]]/page.tsx [Client Component Browser]
    ./src/app/[[...slug]]/page.tsx [Server Component]

https://nextjs.org/docs/messages/module-not-found


⨯ ./src/legacy/features/orders-pool/index.js:36:1
Module not found: Can't resolve './commandActions'
  [90m34 |[0m } [36mfrom[0m [32m"./selectors"[0m;
  [90m35 |[0m
[31m[1m>[0m [90m36 |[0m [36mexport[0m {
  [90m   |[0m [31m[1m^^^^^^^[0m
[31m[1m>[0m [90m37 |[0m   applyOrdersSyncFromErpAndRefresh,
  [90m   |[0m [31m[1m^^^^^^^^^^^^^^^^^^^^^^^^^^^^^^^^^^^[0m
[31m[1m>[0m [90m38 |[0m   batchOrderCommandAndRefresh,
  [90m   |[0m [31m[1m^^^^^^^^^^^^^^^^^^^^^^^^^^^^^^[0m
[31m[1m>[0m [90m39 |[0m   createOrderCommandAndRefresh,
  [90m   |[0m [31m[1m^^^^^^^^^^^^^^^^^^^^^^^^^^^^^^^[0m
[31m[1m>[0m [90m40 |[0m   previewOrdersSyncFromErpAction,
  [90m   |[0m [31m[1m^^^^^^^^^^^^^^^^^^^^^^^^^^^^^^^^^[0m
[31m[1m>[0m [90m41 |[0m   saveExpectedStartAndRefresh,
  [90m   |[0m [31m[1m^^^^^^^^^^^^^^^^^^^^^^^^^^^^^^[0m
[31m[1m>[0m [90m42 |[0m } [36mfrom[0m [32m"./commandActions"[0m;
  [90m   |[0m [31m[1m^^^^^^^^^^^^^^^^^^^^^^^^^^[0m
  [90m43 |[0m



Import trace:
  Client Component Browser:
    ./src/legacy/features/orders-pool/index.js [Client Component Browser]
    ./src/legacy/features/orders-pool/page/useOrdersPoolPageController.js [Client Component Browser]
    ./src/legacy/pages/OrdersPoolPage.jsx [Client Component Browser]
    ./src/legacy/App.jsx [Client Component Browser]
    ./src/components/legacy-app-page.tsx [Client Component Browser]
    ./src/app/[[...slug]]/page.tsx [Client Component Browser]
    ./src/app/[[...slug]]/page.tsx [Server Component]

https://nextjs.org/docs/messages/module-not-found


⨯ ./src/legacy/features/orders-pool/index.js:36:1
Module not found: Can't resolve './commandActions'
  [90m34 |[0m } [36mfrom[0m [32m"./selectors"[0m;
  [90m35 |[0m
[31m[1m>[0m [90m36 |[0m [36mexport[0m {
  [90m   |[0m [31m[1m^^^^^^^[0m
[31m[1m>[0m [90m37 |[0m   applyOrdersSyncFromErpAndRefresh,
  [90m   |[0m [31m[1m^^^^^^^^^^^^^^^^^^^^^^^^^^^^^^^^^^^[0m
[31m[1m>[0m [90m38 |[0m   batchOrderCommandAndRefresh,
  [90m   |[0m [31m[1m^^^^^^^^^^^^^^^^^^^^^^^^^^^^^^[0m
[31m[1m>[0m [90m39 |[0m   createOrderCommandAndRefresh,
  [90m   |[0m [31m[1m^^^^^^^^^^^^^^^^^^^^^^^^^^^^^^^[0m
[31m[1m>[0m [90m40 |[0m   previewOrdersSyncFromErpAction,
  [90m   |[0m [31m[1m^^^^^^^^^^^^^^^^^^^^^^^^^^^^^^^^^[0m
[31m[1m>[0m [90m41 |[0m   saveExpectedStartAndRefresh,
  [90m   |[0m [31m[1m^^^^^^^^^^^^^^^^^^^^^^^^^^^^^^[0m
[31m[1m>[0m [90m42 |[0m } [36mfrom[0m [32m"./commandActions"[0m;
  [90m   |[0m [31m[1m^^^^^^^^^^^^^^^^^^^^^^^^^^[0m
  [90m43 |[0m



Import trace:
  Client Component Browser:
    ./src/legacy/features/orders-pool/index.js [Client Component Browser]
    ./src/legacy/features/orders-pool/page/useOrdersPoolPageController.js [Client Component Browser]
    ./src/legacy/pages/OrdersPoolPage.jsx [Client Component Browser]
    ./src/legacy/App.jsx [Client Component Browser]
    ./src/components/legacy-app-page.tsx [Client Component Browser]
    ./src/app/[[...slug]]/page.tsx [Client Component Browser]
    ./src/app/[[...slug]]/page.tsx [Server Component]

https://nextjs.org/docs/messages/module-not-found


⨯ ./src/legacy/features/orders-pool/index.js:36:1
Module not found: Can't resolve './commandActions'
  [90m34 |[0m } [36mfrom[0m [32m"./selectors"[0m;
  [90m35 |[0m
[31m[1m>[0m [90m36 |[0m [36mexport[0m {
  [90m   |[0m [31m[1m^^^^^^^[0m
[31m[1m>[0m [90m37 |[0m   applyOrdersSyncFromErpAndRefresh,
  [90m   |[0m [31m[1m^^^^^^^^^^^^^^^^^^^^^^^^^^^^^^^^^^^[0m
[31m[1m>[0m [90m38 |[0m   batchOrderCommandAndRefresh,
  [90m   |[0m [31m[1m^^^^^^^^^^^^^^^^^^^^^^^^^^^^^^[0m
[31m[1m>[0m [90m39 |[0m   createOrderCommandAndRefresh,
  [90m   |[0m [31m[1m^^^^^^^^^^^^^^^^^^^^^^^^^^^^^^^[0m
[31m[1m>[0m [90m40 |[0m   previewOrdersSyncFromErpAction,
  [90m   |[0m [31m[1m^^^^^^^^^^^^^^^^^^^^^^^^^^^^^^^^^[0m
[31m[1m>[0m [90m41 |[0m   saveExpectedStartAndRefresh,
  [90m   |[0m [31m[1m^^^^^^^^^^^^^^^^^^^^^^^^^^^^^^[0m
[31m[1m>[0m [90m42 |[0m } [36mfrom[0m [32m"./commandActions"[0m;
  [90m   |[0m [31m[1m^^^^^^^^^^^^^^^^^^^^^^^^^^[0m
  [90m43 |[0m



Import trace:
  Client Component Browser:
    ./src/legacy/features/orders-pool/index.js [Client Component Browser]
    ./src/legacy/features/orders-pool/page/useOrdersPoolPageController.js [Client Component Browser]
    ./src/legacy/pages/OrdersPoolPage.jsx [Client Component Browser]
    ./src/legacy/App.jsx [Client Component Browser]
    ./src/components/legacy-app-page.tsx [Client Component Browser]
    ./src/app/[[...slug]]/page.tsx [Client Component Browser]
    ./src/app/[[...slug]]/page.tsx [Server Component]

https://nextjs.org/docs/messages/module-not-found


⨯ ./src/legacy/features/orders-pool/index.js:36:1
Module not found: Can't resolve './commandActions'
  [90m34 |[0m } [36mfrom[0m [32m"./selectors"[0m;
  [90m35 |[0m
[31m[1m>[0m [90m36 |[0m [36mexport[0m {
  [90m   |[0m [31m[1m^^^^^^^[0m
[31m[1m>[0m [90m37 |[0m   applyOrdersSyncFromErpAndRefresh,
  [90m   |[0m [31m[1m^^^^^^^^^^^^^^^^^^^^^^^^^^^^^^^^^^^[0m
[31m[1m>[0m [90m38 |[0m   batchOrderCommandAndRefresh,
  [90m   |[0m [31m[1m^^^^^^^^^^^^^^^^^^^^^^^^^^^^^^[0m
[31m[1m>[0m [90m39 |[0m   createOrderCommandAndRefresh,
  [90m   |[0m [31m[1m^^^^^^^^^^^^^^^^^^^^^^^^^^^^^^^[0m
[31m[1m>[0m [90m40 |[0m   previewOrdersSyncFromErpAction,
  [90m   |[0m [31m[1m^^^^^^^^^^^^^^^^^^^^^^^^^^^^^^^^^[0m
[31m[1m>[0m [90m41 |[0m   saveExpectedStartAndRefresh,
  [90m   |[0m [31m[1m^^^^^^^^^^^^^^^^^^^^^^^^^^^^^^[0m
[31m[1m>[0m [90m42 |[0m } [36mfrom[0m [32m"./commandActions"[0m;
  [90m   |[0m [31m[1m^^^^^^^^^^^^^^^^^^^^^^^^^^[0m
  [90m43 |[0m



Import trace:
  Client Component Browser:
    ./src/legacy/features/orders-pool/index.js [Client Component Browser]
    ./src/legacy/features/orders-pool/page/useOrdersPoolPageController.js [Client Component Browser]
    ./src/legacy/pages/OrdersPoolPage.jsx [Client Component Browser]
    ./src/legacy/App.jsx [Client Component Browser]
    ./src/components/legacy-app-page.tsx [Client Component Browser]
    ./src/app/[[...slug]]/page.tsx [Client Component Browser]
    ./src/app/[[...slug]]/page.tsx [Server Component]

https://nextjs.org/docs/messages/module-not-found


⨯ ./src/legacy/features/orders-pool/index.js:36:1
Module not found: Can't resolve './commandActions'
  [90m34 |[0m } [36mfrom[0m [32m"./selectors"[0m;
  [90m35 |[0m
[31m[1m>[0m [90m36 |[0m [36mexport[0m {
  [90m   |[0m [31m[1m^^^^^^^[0m
[31m[1m>[0m [90m37 |[0m   applyOrdersSyncFromErpAndRefresh,
  [90m   |[0m [31m[1m^^^^^^^^^^^^^^^^^^^^^^^^^^^^^^^^^^^[0m
[31m[1m>[0m [90m38 |[0m   batchOrderCommandAndRefresh,
  [90m   |[0m [31m[1m^^^^^^^^^^^^^^^^^^^^^^^^^^^^^^[0m
[31m[1m>[0m [90m39 |[0m   createOrderCommandAndRefresh,
  [90m   |[0m [31m[1m^^^^^^^^^^^^^^^^^^^^^^^^^^^^^^^[0m
[31m[1m>[0m [90m40 |[0m   previewOrdersSyncFromErpAction,
  [90m   |[0m [31m[1m^^^^^^^^^^^^^^^^^^^^^^^^^^^^^^^^^[0m
[31m[1m>[0m [90m41 |[0m   saveExpectedStartAndRefresh,
  [90m   |[0m [31m[1m^^^^^^^^^^^^^^^^^^^^^^^^^^^^^^[0m
[31m[1m>[0m [90m42 |[0m } [36mfrom[0m [32m"./commandActions"[0m;
  [90m   |[0m [31m[1m^^^^^^^^^^^^^^^^^^^^^^^^^^[0m
  [90m43 |[0m



Import trace:
  Client Component Browser:
    ./src/legacy/features/orders-pool/index.js [Client Component Browser]
    ./src/legacy/features/orders-pool/page/useOrdersPoolPageController.js [Client Component Browser]
    ./src/legacy/pages/OrdersPoolPage.jsx [Client Component Browser]
    ./src/legacy/App.jsx [Client Component Browser]
    ./src/components/legacy-app-page.tsx [Client Component Browser]
    ./src/app/[[...slug]]/page.tsx [Client Component Browser]
    ./src/app/[[...slug]]/page.tsx [Server Component]

https://nextjs.org/docs/messages/module-not-found


⨯ ./src/legacy/features/orders-pool/index.js:36:1
Module not found: Can't resolve './commandActions'
  [90m34 |[0m } [36mfrom[0m [32m"./selectors"[0m;
  [90m35 |[0m
[31m[1m>[0m [90m36 |[0m [36mexport[0m {
  [90m   |[0m [31m[1m^^^^^^^[0m
[31m[1m>[0m [90m37 |[0m   applyOrdersSyncFromErpAndRefresh,
  [90m   |[0m [31m[1m^^^^^^^^^^^^^^^^^^^^^^^^^^^^^^^^^^^[0m
[31m[1m>[0m [90m38 |[0m   batchOrderCommandAndRefresh,
  [90m   |[0m [31m[1m^^^^^^^^^^^^^^^^^^^^^^^^^^^^^^[0m
[31m[1m>[0m [90m39 |[0m   createOrderCommandAndRefresh,
  [90m   |[0m [31m[1m^^^^^^^^^^^^^^^^^^^^^^^^^^^^^^^[0m
[31m[1m>[0m [90m40 |[0m   previewOrdersSyncFromErpAction,
  [90m   |[0m [31m[1m^^^^^^^^^^^^^^^^^^^^^^^^^^^^^^^^^[0m
[31m[1m>[0m [90m41 |[0m   saveExpectedStartAndRefresh,
  [90m   |[0m [31m[1m^^^^^^^^^^^^^^^^^^^^^^^^^^^^^^[0m
[31m[1m>[0m [90m42 |[0m } [36mfrom[0m [32m"./commandActions"[0m;
  [90m   |[0m [31m[1m^^^^^^^^^^^^^^^^^^^^^^^^^^[0m
  [90m43 |[0m



Import trace:
  Client Component Browser:
    ./src/legacy/features/orders-pool/index.js [Client Component Browser]
    ./src/legacy/features/orders-pool/page/useOrdersPoolPageController.js [Client Component Browser]
    ./src/legacy/pages/OrdersPoolPage.jsx [Client Component Browser]
    ./src/legacy/App.jsx [Client Component Browser]
    ./src/components/legacy-app-page.tsx [Client Component Browser]
    ./src/app/[[...slug]]/page.tsx [Client Component Browser]
    ./src/app/[[...slug]]/page.tsx [Server Component]

https://nextjs.org/docs/messages/module-not-found


⨯ ./src/legacy/features/orders-pool/index.js:36:1
Module not found: Can't resolve './commandActions'
  [90m34 |[0m } [36mfrom[0m [32m"./selectors"[0m;
  [90m35 |[0m
[31m[1m>[0m [90m36 |[0m [36mexport[0m {
  [90m   |[0m [31m[1m^^^^^^^[0m
[31m[1m>[0m [90m37 |[0m   applyOrdersSyncFromErpAndRefresh,
  [90m   |[0m [31m[1m^^^^^^^^^^^^^^^^^^^^^^^^^^^^^^^^^^^[0m
[31m[1m>[0m [90m38 |[0m   batchOrderCommandAndRefresh,
  [90m   |[0m [31m[1m^^^^^^^^^^^^^^^^^^^^^^^^^^^^^^[0m
[31m[1m>[0m [90m39 |[0m   createOrderCommandAndRefresh,
  [90m   |[0m [31m[1m^^^^^^^^^^^^^^^^^^^^^^^^^^^^^^^[0m
[31m[1m>[0m [90m40 |[0m   previewOrdersSyncFromErpAction,
  [90m   |[0m [31m[1m^^^^^^^^^^^^^^^^^^^^^^^^^^^^^^^^^[0m
[31m[1m>[0m [90m41 |[0m   saveExpectedStartAndRefresh,
  [90m   |[0m [31m[1m^^^^^^^^^^^^^^^^^^^^^^^^^^^^^^[0m
[31m[1m>[0m [90m42 |[0m } [36mfrom[0m [32m"./commandActions"[0m;
  [90m   |[0m [31m[1m^^^^^^^^^^^^^^^^^^^^^^^^^^[0m
  [90m43 |[0m



Import trace:
  Client Component Browser:
    ./src/legacy/features/orders-pool/index.js [Client Component Browser]
    ./src/legacy/features/orders-pool/page/useOrdersPoolPageController.js [Client Component Browser]
    ./src/legacy/pages/OrdersPoolPage.jsx [Client Component Browser]
    ./src/legacy/App.jsx [Client Component Browser]
    ./src/components/legacy-app-page.tsx [Client Component Browser]
    ./src/app/[[...slug]]/page.tsx [Client Component Browser]
    ./src/app/[[...slug]]/page.tsx [Server Component]

https://nextjs.org/docs/messages/module-not-found


[browser] ./src/legacy/features/orders-pool/index.js:36:1
Module not found: Can't resolve './commandActions'
  34 | } from "./selectors";
  35 |
> 36 | export {
     | ^^^^^^^
> 37 |   applyOrdersSyncFromErpAndRefresh,
     | ^^^^^^^^^^^^^^^^^^^^^^^^^^^^^^^^^^^
> 38 |   batchOrderCommandAndRefresh,
     | ^^^^^^^^^^^^^^^^^^^^^^^^^^^^^^
> 39 |   createOrderCommandAndRefresh,
     | ^^^^^^^^^^^^^^^^^^^^^^^^^^^^^^^
> 40 |   previewOrdersSyncFromErpAction,
     | ^^^^^^^^^^^^^^^^^^^^^^^^^^^^^^^^^
> 41 |   saveExpectedStartAndRefresh,
     | ^^^^^^^^^^^^^^^^^^^^^^^^^^^^^^
> 42 | } from "./commandActions";
     | ^^^^^^^^^^^^^^^^^^^^^^^^^^
  43 |

Import trace:
  Client Component Browser:
    ./src/legacy/features/orders-pool/index.js [Client Component Browser]
    ./src/legacy/features/orders-pool/page/useOrdersPoolPageController.js [Client Component Browser]
    ./src/legacy/pages/OrdersPoolPage.jsx [Client Component Browser]
    ./src/legacy/App.jsx [Client Component Browser]
    ./src/components/legacy-app-page.tsx [Client Component Browser]
    ./src/app/[[...slug]]/page.tsx [Client Component Browser]
    ./src/app/[[...slug]]/page.tsx [Server Component]

https://nextjs.org/docs/messages/module-not-found 
[browser] ./src/legacy/features/orders-pool/index.js:36:1
Module not found: Can't resolve './commandActions'
  34 | } from "./selectors";
  35 |
> 36 | export {
     | ^^^^^^^
> 37 |   applyOrdersSyncFromErpAndRefresh,
     | ^^^^^^^^^^^^^^^^^^^^^^^^^^^^^^^^^^^
> 38 |   batchOrderCommandAndRefresh,
     | ^^^^^^^^^^^^^^^^^^^^^^^^^^^^^^
> 39 |   createOrderCommandAndRefresh,
     | ^^^^^^^^^^^^^^^^^^^^^^^^^^^^^^^
> 40 |   previewOrdersSyncFromErpAction,
     | ^^^^^^^^^^^^^^^^^^^^^^^^^^^^^^^^^
> 41 |   saveExpectedStartAndRefresh,
     | ^^^^^^^^^^^^^^^^^^^^^^^^^^^^^^
> 42 | } from "./commandActions";
     | ^^^^^^^^^^^^^^^^^^^^^^^^^^
  43 |

Import trace:
  Client Component Browser:
    ./src/legacy/features/orders-pool/index.js [Client Component Browser]
    ./src/legacy/features/orders-pool/page/useOrdersPoolPageController.js [Client Component Browser]
    ./src/legacy/pages/OrdersPoolPage.jsx [Client Component Browser]
    ./src/legacy/App.jsx [Client Component Browser]
    ./src/components/legacy-app-page.tsx [Client Component Browser]
    ./src/app/[[...slug]]/page.tsx [Client Component Browser]
    ./src/app/[[...slug]]/page.tsx [Server Component]

https://nextjs.org/docs/messages/module-not-found 
^C^C